#-----------------------------------------------------------
# Vivado v2025.2 (64-bit)
# SW Build 6299465 on Fri Nov 14 12:34:56 MST 2025
# IP Build 6300035 on Fri Nov 14 10:48:45 MST 2025
# SharedData Build 6298862 on Thu Nov 13 04:50:51 MST 2025
# Start of session at: Thu Apr 16 15:06:44 2026
# Process ID         : 6569
# Current directory  : /home/m/chipwhisperer/vivado_projects/test2
# Command line       : vivado
# Log file           : /home/m/chipwhisperer/vivado_projects/test2/vivado.log
# Journal file       : /home/m/chipwhisperer/vivado_projects/test2/vivado.jou
# Running On         : ubuntu2
# Platform           : Ubuntu
# Operating System   : Ubuntu 24.04.4 LTS
# Processor Detail   : Intel(R) Core(TM) Ultra 9 285
# CPU Frequency      : 2495.998 MHz
# CPU Physical cores : 12
# CPU Logical cores  : 12
# Host memory        : 14508 MB
# Swap memory        : 0 MB
# Total Virtual      : 14508 MB
# Available Virtual  : 12462 MB
#-----------------------------------------------------------
start_gui
